# typed: false
# frozen_string_literal: true

# This file was generated by GoReleaser. DO NOT EDIT.
class BinaryOverridden < Formula
  desc "A run pipe test formula"
  homepage "https://github.com/goreleaser"
  version "1.0.1"
  if OS.mac?
    url "https://github.com/test/test/releases/download/v1.0.1/bin.todo"
    sha256 "e3b0c44298fc1c149afbf4c8996fb92427ae41e4649b934ca495991b7852b855"
  elsif OS.linux?
  end
  
  depends_on "zsh" => :optional
  depends_on "bash"
  
  conflicts_with "gtk+"
  conflicts_with "qt"

  def install
    bin.install "foo"
  end

  def caveats; <<~EOS
    don't do this
  EOS
  end

  plist_options :startup => false

  def plist; <<~EOS
    <xml>whatever</xml>
  EOS
  end

  test do
    system "true"
    system "#{bin}/foo -h"
  end
end
