# This file was generated by GoReleaser. DO NOT EDIT.
class CustomBlock < Formula
  desc "A run pipe test formula and FOO=foo_is_bar"
  homepage "https://github.com/goreleaser"
  version "1.0.1"
  bottle :unneeded

  if OS.mac?
    url "https://dummyhost/download/v1.0.1/bin.tar.gz"
    sha256 "e3b0c44298fc1c149afbf4c8996fb92427ae41e4649b934ca495991b7852b855"
  end
  
  head "https://github.com/caarlos0/test.git"
  
  depends_on "zsh" => :optional
  depends_on "bash"
  
  conflicts_with "gtk+"
  conflicts_with "qt"

  def install
    bin.install "custom_block"
  end

  def caveats; <<~EOS
    don't do this custom_block
  EOS
  end

  plist_options :startup => false

  def plist; <<~EOS
    <xml>whatever</xml>
  EOS
  end

  test do
    system "true"
    system "#{bin}/foo -h"
  end
end
