# typed: false
# frozen_string_literal: true

# This file was generated by GoReleaser. DO NOT EDIT.
class FooIsBar < Formula
  desc ""
  homepage ""
  version "1.0.1"
  bottle :unneeded
  depends_on :macos

  on_macos do
    if Hardware::CPU.intel?
      url "https://dummyhost/download/v1.0.1/bin.tar.gz"
      sha256 "e3b0c44298fc1c149afbf4c8996fb92427ae41e4649b934ca495991b7852b855"
    end
  end

  def install
  end
end
