# typed: false
# frozen_string_literal: true

# This file was generated by GoReleaser. DO NOT EDIT.
class WithManyHeaders < Formula
  desc "Run pipe test formula and FOO=foo_is_bar"
  homepage "https://github.com/goreleaser"
  version "1.0.1"

  depends_on "ash" => "1.0.0" if OS.linux?
  depends_on "bash" => "3.2.57"
  depends_on "fish" => :optional
  depends_on "powershell" => :optional if OS.mac?
  depends_on "zsh" => :optional

  on_macos do
    on_intel do
      url "https://dummyhost/download/v1.0.1/bin.tar.gz",
        headers: [
          "Accept: application/octet-stream",
          "Authorization: bearer #{ENV["HOMEBREW_GITHUB_API_TOKEN"]}"
        ]
      sha256 "e3b0c44298fc1c149afbf4c8996fb92427ae41e4649b934ca495991b7852b855"

      def install
        bin.install "with_many_headers_darwin_amd64 => with_many_headers"
      end
    end
    on_arm do
      url "https://dummyhost/download/v1.0.1/bin.tar.gz",
        headers: [
          "Accept: application/octet-stream",
          "Authorization: bearer #{ENV["HOMEBREW_GITHUB_API_TOKEN"]}"
        ]
      sha256 "e3b0c44298fc1c149afbf4c8996fb92427ae41e4649b934ca495991b7852b855"

      def install
        bin.install "with_many_headers_darwin_arm64 => with_many_headers"
      end
    end
  end

  on_linux do
    on_intel do
      if Hardware::CPU.is_64_bit?
        url "https://dummyhost/download/v1.0.1/bin.tar.gz",
          headers: [
            "Accept: application/octet-stream",
            "Authorization: bearer #{ENV["HOMEBREW_GITHUB_API_TOKEN"]}"
          ]
        sha256 "e3b0c44298fc1c149afbf4c8996fb92427ae41e4649b934ca495991b7852b855"

        def install
          bin.install "with_many_headers_linux_amd64 => with_many_headers"
        end
      end
    end
  end

  conflicts_with "gtk+"
  conflicts_with "qt"

  def post_install
    system "echo"
    touch "/tmp/hi"
  end

  def caveats
    <<~EOS
      don't do this with_many_headers
    EOS
  end

  service do
    run foo/bar
    keep_alive true
  end

  test do
    system "true"
    system "#{bin}/foo", "-h"
  end
end
