# typed: false
# frozen_string_literal: true

# This file was generated by GoReleaser. DO NOT EDIT.
cask "unibin" do
  desc "Fake desc"
  homepage "https://goreleaser.com"
  version "1.0.1"
  if Hardware::CPU.intel?
    url "https://dummyhost/download/v1.0.1/bin_amd64.tar.gz"
    sha256 "e3b0c44298fc1c149afbf4c8996fb92427ae41e4649b934ca495991b7852b855"
  end
  if Hardware::CPU.arm?
    url "https://dummyhost/download/v1.0.1/bin_arm64.tar.gz"
    sha256 "e3b0c44298fc1c149afbf4c8996fb92427ae41e4649b934ca495991b7852b855"
  end
end
