# This file was generated by GoReleaser. DO NOT EDIT.
cask "test" do
  desc "Some desc"
  homepage "https://google.com"
  version "0.1.3"

  livecheck do
    skip "Auto-generated on release."
  end

  binary "mybin"
  manpage "mybin.1.gz"
  bash_completions "mybin.bash"
  zsh_completions "mybin.zsh"
  fish_completions "mybin.fish"

  on_macos do
    on_intel do
      url "https://github.com/caarlos0/test/releases/download/v0.1.3/test_Darwin_x86_64.tar.gz"
      sha256 "1633f61598ab0791e213135923624eb342196b3494909c91899bcd0560f84c68"
    end
    on_arm do
      url "https://github.com/caarlos0/test/releases/download/v0.1.3/test_Darwin_arm64.tar.gz"
      sha256 "1df5fdc2bad4ed4c28fbdc77b6c542988c0dc0e2ae34e0dc912bbb1c66646c58"
    end
  end

  # No zap stanza required
end
