{"project_name":"name","tag":"v1.2.3","previous_tag":"v1.2.2","version":"1.2.3","commit":"aef34a","date":"2022-01-22T10:12:13Z","runtime":{"goos":"fakeos","goarch":"fakearch"}}