# This file was generated by GoReleaser. DO NOT EDIT.

pkgname='simple-quote-inside-description'
pkgver=1.0.1
pkgrel=1
pkgdesc="Let's go"
url=''
arch=('aarch64' 'x86_64')
license=('MIT')
provides=('simple-quote-inside-description')
conflicts=('simple-quote-inside-description')
makedepends=('go' 'git')
source=("${pkgname}_${pkgver}.tar.gz::https://dummyhost/download/v1.0.1-foo/sources.tar.gz")
sha256sums=('e3b0c44298fc1c149afbf4c8996fb92427ae41e4649b934ca495991b7852b855')
