# This file was generated by GoReleaser. DO NOT EDIT.
# Maintainer: me
# Contributor: me as well

pkgname='with-more-opts'
pkgver=1.0.1
pkgrel=1
pkgdesc='A run pipe test fish food and FOO=foo_is_bar'
url='https://github.com/goreleaser'
arch=('aarch64' 'x86_64')
license=('MIT')
provides=('git' 'svn')
conflicts=('libcurl' 'cvs' 'blah')
depends=('curl' 'bash')
makedepends=('go' 'git')
optdepends=('wget: stuff' 'foo: bar')
install=with-more-opts.install
source=("${pkgname}_${pkgver}.tar.gz::https://dummyhost/download/v1.0.1-foo/sources.tar.gz")
sha256sums=('e3b0c44298fc1c149afbf4c8996fb92427ae41e4649b934ca495991b7852b855')
