# This file was generated by GoReleaser. DO NOT EDIT.

pkgname='foo-bin'
pkgver=1.0.1
pkgrel=
pkgdesc='A run pipe test pkgbuild and FOO=foo_is_bar'
url='https://github.com/goreleaser'
arch=('armv6h' 'armv7h')
license=('')





source_armv6h=('https://dummyhost/download/v1.0.1/armv6.tar.gz')
sha256sums_armv6h=('e3b0c44298fc1c149afbf4c8996fb92427ae41e4649b934ca495991b7852b855')

source_armv7h=('https://dummyhost/download/v1.0.1/armv7.tar.gz')
sha256sums_armv7h=('e3b0c44298fc1c149afbf4c8996fb92427ae41e4649b934ca495991b7852b855')

