# This file was generated by GoReleaser. DO NOT EDIT.
# yaml-language-server: $schema=https://aka.ms/winget-manifest.version.1.10.0.schema.json
PackageIdentifier: beckersoft.foo
PackageVersion: 1.2.1
DefaultLocale: en-US
ManifestType: version
ManifestVersion: 1.10.0
