# This file was generated by GoReleaser. DO NOT EDIT.
# yaml-language-server: $schema=https://aka.ms/winget-manifest.defaultLocale.1.6.0.schema.json
PackageIdentifier: Beckersoft.foo
PackageVersion: 1.2.1
PackageLocale: en-US
Publisher: Beckersoft
PackageName: foo
PackageUrl: https://goreleaser.com
License: mit
ShortDescription: foo bar zaz
Description: my test
Moniker: foo
ManifestType: defaultLocale
ManifestVersion: 1.6.0
