# This file was generated by GoReleaser. DO NOT EDIT.
# yaml-language-server: $schema=https://aka.ms/winget-manifest.defaultLocale.1.5.0.schema.json
PackageIdentifier: Foo.deps
PackageVersion: 1.2.1
PackageLocale: en-US
Publisher: Foo
PackageName: deps
License: MIT
ShortDescription: foo bar zaz
Moniker: deps
ManifestType: defaultLocale
ManifestVersion: 1.5.0
