# This file was generated by GoReleaser. DO NOT EDIT.
$ErrorActionPreference = 'Stop';

$version = $env:chocolateyPackageVersion
$packageName = $env:chocolateyPackageName
$toolsDir = "$(Split-Path -parent $MyInvocation.MyCommand.Definition)"

$packageArgs = @{
    packageName    = $packageName
    unzipLocation  = $toolsDir
    fileType       = 'exe'
    url            = 'https://dummyhost/download/v1.0.0/app_1.0.0_windows_386.zip'
    checksum       = '5e2bf57d3f40c4b6df69daf1936cb766f832374b4fc0259a7cbff06e2f70f269'
    checksumType   = 'sha256'
    url64bit       = 'https://dummyhost/download/v1.0.0/app_1.0.0_windows_amd64.zip'
    checksum64     = '5e2bf57d3f40c4b6df69daf1936cb766f832374b4fc0259a7cbff06e2f70f269'
    checksumType64 = 'sha256'
}

Install-ChocolateyZipPackage @packageArgs
