# This file was generated by GoReleaser. DO NOT EDIT.
# Maintainer: me
# Contributor: me as well

pkgname='with-more-opts-bin'
pkgver=1.0.1
pkgrel=1
pkgdesc='A run pipe test fish food and FOO=foo_is_bar'
url='https://github.com/goreleaser'
arch=('x86_64')
license=('MIT')
provides=('git' 'svn')
conflicts=('libcurl' 'cvs' 'blah')
depends=('curl' 'bash')
optdepends=('wget: stuff' 'foo: bar')

source_x86_64=("${pkgname}_${pkgver}_x86_64.tar.gz::https://dummyhost/download/v1.0.1-foo/bin.tar.gz")
sha256sums_x86_64=('e3b0c44298fc1c149afbf4c8996fb92427ae41e4649b934ca495991b7852b855')

package() {
  install -Dm755 "./name" "${pkgdir}/usr/bin/name"
}
