pkgbase = with-more-opts-bin
	pkgdesc = A run pipe test fish food and FOO=foo_is_bar
	pkgver = 1.0.1
	pkgrel = 1
	url = https://github.com/goreleaser
	license = MIT
	optdepends = wget: stuff
	optdepends = foo: bar
	depends = curl
	depends = bash
	conflicts = libcurl
	conflicts = cvs
	conflicts = blah
	provides = git
	provides = svn
	arch = x86_64
	source_x86_64 = https://dummyhost/download/v1.0.1-foo/bin.tar.gz
	sha256sums_x86_64 = e3b0c44298fc1c149afbf4c8996fb92427ae41e4649b934ca495991b7852b855
	
pkgname = with-more-opts-bin
