# typed: false
# frozen_string_literal: true

# This file was generated by GoReleaser. DO NOT EDIT.
cask "custom_download_strategy" do
  desc "Run pipe test formula and FOO=foo_is_bar"
  homepage "https://github.com/goreleaser"
  version "1.0.1"
  binary "custom_download_strategy"

  depends_on formula: "ash"
  depends_on formula: "bash"
  depends_on cask: "fish"
  depends_on cask: "powershell"
  depends_on formula: "zsh"
  on_macos do
    if Hardware::CPU.intel?
      url "https://dummyhost/download/v1.0.1/bin.tgz", using: GitHubPrivateRepositoryReleaseDownloadStrategy
      sha256 "e3b0c44298fc1c149afbf4c8996fb92427ae41e4649b934ca495991b7852b855"
    end
    if Hardware::CPU.arm?
      url "https://dummyhost/download/v1.0.1/bin.txz", using: GitHubPrivateRepositoryReleaseDownloadStrategy
      sha256 "e3b0c44298fc1c149afbf4c8996fb92427ae41e4649b934ca495991b7852b855"
    end
  end

  on_linux do
    if Hardware::CPU.intel? and Hardware::CPU.is_64_bit?
      url "https://dummyhost/download/v1.0.1/bin.tar.zst", using: GitHubPrivateRepositoryReleaseDownloadStrategy
      sha256 "e3b0c44298fc1c149afbf4c8996fb92427ae41e4649b934ca495991b7852b855"
    end
  end

  conflicts_with formula: "bash"
  conflicts_with cask: "fish"

  postflight do
    system "echo"
    touch "/tmp/hi"
  endcaveats do
    don't do this custom_download_strategy
  endservice "foo.plist"
end
