# This file was generated by GoReleaser. DO NOT EDIT.
cask "many-dependencies-and-conflicts" do
  name "many-dependencies-and-conflicts"
  desc "Run pipe test formula and FOO=foo_is_bar"
  homepage ""
  version "1.0.1"

  livecheck do
    skip "Auto-generated on release."
  end

  binary "many-dependencies-and-conflicts"
  depends_on cask: [
      "c1",
      "c2",
      "c3",
      "c4",
      "fish",
      "powershell",
    ],
    formula: [
      "ash",
      "bash",
      "f1",
      "f2",
      "f3",
      "f4",
      "zsh",
    ]

  on_macos do
    on_intel do
      url "https://dummyhost/download/v#{version}/bin.tgz"
      sha256 "e3b0c44298fc1c149afbf4c8996fb92427ae41e4649b934ca495991b7852b855"
    end
    on_arm do
      url "https://dummyhost/download/v#{version}/bin.txz"
      sha256 "e3b0c44298fc1c149afbf4c8996fb92427ae41e4649b934ca495991b7852b855"
    end
  end

  on_linux do
    on_intel do
      url "https://dummyhost/download/v#{version}/bin.tar.zst"
      sha256 "e3b0c44298fc1c149afbf4c8996fb92427ae41e4649b934ca495991b7852b855"
    end
  end

  conflicts_with cask: [
      "c1",
      "c2",
      "c3",
      "c4",
      "fish",
    ],
    formula: [
      "bash",
      "f1",
      "f2",
      "f3",
      "f4",
    ]

  postflight do
    system "echo"
    touch "/tmp/hi"
  end

  caveats do
    "don't do this many-dependencies-and-conflicts"
  end

  service "foo.plist"

  # No zap stanza required
end
