# This file was generated by GoReleaser. DO NOT EDIT.
cask "open_pr" do
  desc "Run pipe test formula and FOO=foo_is_bar"
  homepage "https://github.com/goreleaser"
  version "1.0.1"

  livecheck do
    skip "Auto-generated on release."
  end

  binary "open_pr"

  depends_on formula: "ash"
  depends_on formula: "bash"
  depends_on cask: "fish"
  depends_on cask: "powershell"
  depends_on formula: "zsh"

  on_macos do
    on_intel do
      url "https://dummyhost/download/v1.0.1/bin.tgz"
      sha256 "e3b0c44298fc1c149afbf4c8996fb92427ae41e4649b934ca495991b7852b855"
    end
    on_arm do
      url "https://dummyhost/download/v1.0.1/bin.txz"
      sha256 "e3b0c44298fc1c149afbf4c8996fb92427ae41e4649b934ca495991b7852b855"
    end
  end

  on_linux do
    on_intel do
      url "https://dummyhost/download/v1.0.1/bin.tar.zst"
      sha256 "e3b0c44298fc1c149afbf4c8996fb92427ae41e4649b934ca495991b7852b855"
    end
  end

  conflicts_with formula: "bash"
  conflicts_with cask: "fish"

  postflight do
    system "echo"
    touch "/tmp/hi"
  end

  caveats do
    "don't do this open_pr"
  end

  service "foo.plist"

  # No zap stanza required
end
