tar: .package.lsm: Not found in archive
tar: Error exit delayed from previous errors.
