   • first                    
   • DEPRECATED: some custom template with a url https://goreleaser.com/deprecations#something-else
   • last                     
