# This file was generated by GoReleaser. DO NOT EDIT.

pkgname='foo'
pkgver=1.2.1
pkgrel=1
pkgdesc=''
url=''
arch=('aarch64' 'x86_64')
license=('')
provides=('foo')
conflicts=('foo')
makedepends=('go' 'git')
source=("${pkgname}_${pkgver}.binary::https://dummyhost/download/v1.2.1/sources")
sha256sums=('e3b0c44298fc1c149afbf4c8996fb92427ae41e4649b934ca495991b7852b855')
