{
  "gitVersion": "devel",
  "moduleCheksum": "unknown",
  "gitCommit": "unknown",
  "gitTreeState": "unknown",
  "buildDate": "unknown",
  "builtBy": "unknown",
  "goVersion": "go1.20.3",
  "compiler": "gc",
  "platform": "linux/amd64"
}