class BuildFromSource < Formula
  desc "A run pipe test formula"
  homepage "https://github.com/goreleaser"
  url "https://github.com/test/test/archive/v1.0.1.tar.gz"
  head "https://github.com/test/test.git"
  version "1.0.1"
  sha256 "e3b0c44298fc1c149afbf4c8996fb92427ae41e4649b934ca495991b7852b855"

  depends_on "zsh"depends_on "bash"
  depends_on "go" => :build
  
  conflicts_with "gtk+"
  conflicts_with "qt"

  def install
    bin.install "foo"
  end

  def caveats; <<-EOS.undent
    don't do this
  EOS
  end

  plist_options :startup => false

  def plist; <<~EOS
    <xml>whatever</xml>
  EOS
  end

  test do
    system "true"
    system "#{bin}/foo -h"
  end
end
