wrapProgram $out/bin/%[1]s --prefix PATH : ${lib.makeBinPath ([ fish bash zsh ])}