wrapProgram $out/bin/%[1]s --prefix PATH : ${lib.makeBinPath (lib.optionals stdenv.isLinux [ foo bar ])}