# This file was generated by GoReleaser. DO NOT EDIT.
# yaml-language-server: $schema=https://aka.ms/winget-manifest.version.1.5.0.schema.json
packageidentifier: foo
packageversion: 1.2.1
packagelocale: en-US
publisher: becker software
publisherurl: https://carlosbecker.com
author: Carlos Becker
packagename: foo
packageurl: https://goreleaser.com
license: MIT
licenseurl: https://goreleaser.com/eula/
copyright: bla bla bla
shortdescription: foo
description: |-
  long foo bar

  				yadaa yada yada loooaaasssss

  				sss
moniker: foo
tags: []
releasenotes: ""
releasenotesurl: https://github.com/goreleaser/goreleaser/tags/v1.2.1
manifesttype: defaultLocale
manifestversion: 1.5.0
