# This file was generated by GoReleaser. DO NOT EDIT.
# yaml-language-server: $schema=https://aka.ms/winget-manifest.version.1.5.0.schema.json
PackageIdentifier: foo
PackageVersion: 1.2.1
PackageLocale: en-US
PackageName: foo
Moniker: foo
ManifestType: defaultLocale
ManifestVersion: 1.5.0
