# This file was generated by GoReleaser. DO NOT EDIT.
# yaml-language-server: $schema=https://aka.ms/winget-manifest.version.1.4.0.schema.json
PackageIdentifier: wrapped-in-dir
PackageVersion: 1.2.1
PackageLocale: en-US
PackageName: wrapped-in-dir
PackageUrl: https://goreleaser.com
License: mit
LicenseUrl: https://goreleaser.com/license
Description: my test
Moniker: wrapped-in-dir
ReleaseNotesUrl: https://github.com/goreleaser/goreleaser/tags/v1.2.1
ManifestType: defaultLocale
ManifestVersion: 1.4.0
