local name = "Test"
local version = "0.1.3"

food = {
    name = name,
    description = "Some desc",
    license = "MIT",
    homepage = "https://google.com",
    version = version,
    packages = {
        {
            os = "darwin",
            arch = "amd64",
            url = "https://github.com/caarlos0/test/releases/download/v0.1.3/test_Darwin_x86_64.tar.gz",
            sha256 = "1633f61598ab0791e213135923624eb342196b3494909c91899bcd0560f84c68",
            resources = {
                {
                    path = "bin1",
                    installpath = "bin/bin1",
                    executable = true
                }
                {
                    path = "bin2",
                    installpath = "bin/bin2",
                    executable = true
                }
                {
                    path = "bin3",
                    installpath = "bin/bin3",
                    executable = true
                }
            }
        },
        {
            os = "darwin",
            arch = "arm64",
            url = "https://github.com/caarlos0/test/releases/download/v0.1.3/test_Darwin_arm64.tar.gz",
            sha256 = "1633f61598ab0791e213135923624eb342196b349490sadasdsadsadasdasdsd",
            resources = {
                {
                    path = "bin1",
                    installpath = "bin/bin1",
                    executable = true
                }
                {
                    path = "bin2",
                    installpath = "bin/bin2",
                    executable = true
                }
                {
                    path = "bin3",
                    installpath = "bin/bin3",
                    executable = true
                }
            }
        },
        {
            os = "linux",
            arch = "amd64",
            url = "https://github.com/caarlos0/test/releases/download/v0.1.3/test_Linux_x86_64.tar.gz",
            sha256 = "1633f61598ab0791e213135923624eb342196b3494909c91899bcd0560f84c67",
            resources = {
                {
                    path = "bin1",
                    installpath = "bin/bin1",
                    executable = true
                }
                {
                    path = "bin2",
                    installpath = "bin/bin2",
                    executable = true
                }
                {
                    path = "bin3",
                    installpath = "bin/bin3",
                    executable = true
                }
            }
        },
        {
            os = "linux",
            arch = "arm",
            url = "https://github.com/caarlos0/test/releases/download/v0.1.3/test_Arm6.tar.gz",
            sha256 = "1633f61598ab0791e213135923624eb342196b3494909c91899bcd0560f84c67",
            resources = {
                {
                    path = "bin1",
                    installpath = "bin/bin1",
                    executable = true
                }
                {
                    path = "bin2",
                    installpath = "bin/bin2",
                    executable = true
                }
                {
                    path = "bin3",
                    installpath = "bin/bin3",
                    executable = true
                }
            }
        },
        {
            os = "linux",
            arch = "arm64",
            url = "https://github.com/caarlos0/test/releases/download/v0.1.3/test_Arm64.tar.gz",
            sha256 = "1633f61598ab0791e213135923624eb342196b3494909c91899bcd0560f84c67",
            resources = {
                {
                    path = "bin1",
                    installpath = "bin/bin1",
                    executable = true
                }
                {
                    path = "bin2",
                    installpath = "bin/bin2",
                    executable = true
                }
                {
                    path = "bin3",
                    installpath = "bin/bin3",
                    executable = true
                }
            }
        },
        {
            os = "windows",
            arch = "amd64",
            url = "https://github.com/caarlos0/test/releases/download/v0.1.3/test_windows_amd64.zip",
            sha256 = "1633f61598ab0791e213135923624eb342196b3494909c91899bcd0560f84c67",
            resources = {
                {
                    path = "bin1.exe",
                    installpath = "bin\\bin1.exe",
                }
                {
                    path = "bin2.exe",
                    installpath = "bin\\bin2.exe",
                }
                {
                    path = "bin3.exe",
                    installpath = "bin\\bin3.exe",
                }
            }
        },
    }
}
